PHPUnit 11.5.46 by Sebastian Bergmann and contributors.

Runtime:       PHP 8.3.12
Configuration: C:\Users\ilham\Documents\portofolio\phpunit.xml


   PASS  Tests\Unit\ExampleTest
  Γ£ô that true is true                                                                              0.02s  

   FAIL  Tests\Feature\AdminProjectTest
  Γ¿» admin can create project

   FAIL  Tests\Feature\ContactTest
  Γ¿» contact validation errors
  Γ¿» contact success redirects
